/var/folders/6x/nhts7g654qd9_91w1c6m2zym0000gn/T/tmpwni3an6d.cpp:18:57: warning: left operand of comma operator has no effect [-Wunused-value]
   18 |       *(float4*)(Cs + ((i * 16) + (j * 4))) = ((float4)(broadcast_var, broadcast_var, broadcast_var, broadcast_var));
      |                                                         ^~~~~~~~~~~~~
/var/folders/6x/nhts7g654qd9_91w1c6m2zym0000gn/T/tmpwni3an6d.cpp:18:72: warning: left operand of comma operator has no effect [-Wunused-value]
   18 |       *(float4*)(Cs + ((i * 16) + (j * 4))) = ((float4)(broadcast_var, broadcast_var, broadcast_var, broadcast_var));
      |                                                                        ^~~~~~~~~~~~~
/var/folders/6x/nhts7g654qd9_91w1c6m2zym0000gn/T/tmpwni3an6d.cpp:18:87: warning: left operand of comma operator has no effect [-Wunused-value]
   18 |       *(float4*)(Cs + ((i * 16) + (j * 4))) = ((float4)(broadcast_var, broadcast_var, broadcast_var, broadcast_var));
      |                                                                                       ^~~~~~~~~~~~~
/var/folders/6x/nhts7g654qd9_91w1c6m2zym0000gn/T/tmpwni3an6d.cpp:27:27: warning: left operand of comma operator has no effect [-Wunused-value]
   27 |       condval = ((float4)(broadcast_var_1, broadcast_var_1, broadcast_var_1, broadcast_var_1));
      |                           ^~~~~~~~~~~~~~~
/var/folders/6x/nhts7g654qd9_91w1c6m2zym0000gn/T/tmpwni3an6d.cpp:27:44: warning: left operand of comma operator has no effect [-Wunused-value]
   27 |       condval = ((float4)(broadcast_var_1, broadcast_var_1, broadcast_var_1, broadcast_var_1));
      |                                            ^~~~~~~~~~~~~~~
/var/folders/6x/nhts7g654qd9_91w1c6m2zym0000gn/T/tmpwni3an6d.cpp:27:61: warning: left operand of comma operator has no effect [-Wunused-value]
   27 |       condval = ((float4)(broadcast_var_1, broadcast_var_1, broadcast_var_1, broadcast_var_1));
      |                                                             ^~~~~~~~~~~~~~~
6 warnings generated.
2026-10-05 14:19:57  [TileLang:tilelang.jit.kernel:INFO] (kernel.py:137): TileLang begins to compile kernel `gemm_impl` with `out_idx=None`
2026-10-05 14:20:00  [TileLang:tilelang.jit.kernel:INFO] (kernel.py:145): TileLang completes to compile kernel `gemm_impl`
GRIDSTATIC 12.595611572265625 0.0
