/var/folders/6x/nhts7g654qd9_91w1c6m2zym0000gn/T/tmplfznuaw6.cpp:41:31: warning: left operand of comma operator has no effect [-Wunused-value]
   41 |           condval = ((float4)(broadcast_var, broadcast_var, broadcast_var, broadcast_var));
      |                               ^~~~~~~~~~~~~
/var/folders/6x/nhts7g654qd9_91w1c6m2zym0000gn/T/tmplfznuaw6.cpp:41:46: warning: left operand of comma operator has no effect [-Wunused-value]
   41 |           condval = ((float4)(broadcast_var, broadcast_var, broadcast_var, broadcast_var));
      |                                              ^~~~~~~~~~~~~
/var/folders/6x/nhts7g654qd9_91w1c6m2zym0000gn/T/tmplfznuaw6.cpp:41:61: warning: left operand of comma operator has no effect [-Wunused-value]
   41 |           condval = ((float4)(broadcast_var, broadcast_var, broadcast_var, broadcast_var));
      |                                                             ^~~~~~~~~~~~~
/var/folders/6x/nhts7g654qd9_91w1c6m2zym0000gn/T/tmplfznuaw6.cpp:52:63: warning: left operand of comma operator has no effect [-Wunused-value]
   52 |           *(float4*)(Os + ((i_1 * 16) + (j * 4))) = ((float4)(broadcast_var_1, broadcast_var_1, broadcast_var_1, broadcast_var_1));
      |                                                               ^~~~~~~~~~~~~~~
/var/folders/6x/nhts7g654qd9_91w1c6m2zym0000gn/T/tmplfznuaw6.cpp:52:80: warning: left operand of comma operator has no effect [-Wunused-value]
   52 |           *(float4*)(Os + ((i_1 * 16) + (j * 4))) = ((float4)(broadcast_var_1, broadcast_var_1, broadcast_var_1, broadcast_var_1));
      |                                                                                ^~~~~~~~~~~~~~~
/var/folders/6x/nhts7g654qd9_91w1c6m2zym0000gn/T/tmplfznuaw6.cpp:52:97: warning: left operand of comma operator has no effect [-Wunused-value]
   52 |           *(float4*)(Os + ((i_1 * 16) + (j * 4))) = ((float4)(broadcast_var_1, broadcast_var_1, broadcast_var_1, broadcast_var_1));
      |                                                                                                 ^~~~~~~~~~~~~~~
/var/folders/6x/nhts7g654qd9_91w1c6m2zym0000gn/T/tmplfznuaw6.cpp:68:35: warning: left operand of comma operator has no effect [-Wunused-value]
   68 |             condval_1 = ((float4)(broadcast_var_2, broadcast_var_2, broadcast_var_2, broadcast_var_2));
      |                                   ^~~~~~~~~~~~~~~
/var/folders/6x/nhts7g654qd9_91w1c6m2zym0000gn/T/tmplfznuaw6.cpp:68:52: warning: left operand of comma operator has no effect [-Wunused-value]
   68 |             condval_1 = ((float4)(broadcast_var_2, broadcast_var_2, broadcast_var_2, broadcast_var_2));
      |                                                    ^~~~~~~~~~~~~~~
/var/folders/6x/nhts7g654qd9_91w1c6m2zym0000gn/T/tmplfznuaw6.cpp:68:69: warning: left operand of comma operator has no effect [-Wunused-value]
   68 |             condval_1 = ((float4)(broadcast_var_2, broadcast_var_2, broadcast_var_2, broadcast_var_2));
      |                                                                     ^~~~~~~~~~~~~~~
/var/folders/6x/nhts7g654qd9_91w1c6m2zym0000gn/T/tmplfznuaw6.cpp:81:35: warning: left operand of comma operator has no effect [-Wunused-value]
   81 |             condval_2 = ((float4)(broadcast_var_3, broadcast_var_3, broadcast_var_3, broadcast_var_3));
      |                                   ^~~~~~~~~~~~~~~
/var/folders/6x/nhts7g654qd9_91w1c6m2zym0000gn/T/tmplfznuaw6.cpp:81:52: warning: left operand of comma operator has no effect [-Wunused-value]
   81 |             condval_2 = ((float4)(broadcast_var_3, broadcast_var_3, broadcast_var_3, broadcast_var_3));
      |                                                    ^~~~~~~~~~~~~~~
/var/folders/6x/nhts7g654qd9_91w1c6m2zym0000gn/T/tmplfznuaw6.cpp:81:69: warning: left operand of comma operator has no effect [-Wunused-value]
   81 |             condval_2 = ((float4)(broadcast_var_3, broadcast_var_3, broadcast_var_3, broadcast_var_3));
      |                                                                     ^~~~~~~~~~~~~~~
/var/folders/6x/nhts7g654qd9_91w1c6m2zym0000gn/T/tmplfznuaw6.cpp:88:67: warning: left operand of comma operator has no effect [-Wunused-value]
   88 |             *(float4*)(Sc + ((i_2 * 16) + (j_1 * 4))) = ((float4)(broadcast_var_4, broadcast_var_4, broadcast_var_4, broadcast_var_4));
      |                                                                   ^~~~~~~~~~~~~~~
/var/folders/6x/nhts7g654qd9_91w1c6m2zym0000gn/T/tmplfznuaw6.cpp:88:84: warning: left operand of comma operator has no effect [-Wunused-value]
   88 |             *(float4*)(Sc + ((i_2 * 16) + (j_1 * 4))) = ((float4)(broadcast_var_4, broadcast_var_4, broadcast_var_4, broadcast_var_4));
      |                                                                                    ^~~~~~~~~~~~~~~
/var/folders/6x/nhts7g654qd9_91w1c6m2zym0000gn/T/tmplfznuaw6.cpp:88:101: warning: left operand of comma operator has no effect [-Wunused-value]
   88 |             *(float4*)(Sc + ((i_2 * 16) + (j_1 * 4))) = ((float4)(broadcast_var_4, broadcast_var_4, broadcast_var_4, broadcast_var_4));
      |                                                                                                     ^~~~~~~~~~~~~~~
15 warnings generated.
2026-10-05 15:10:40  [TileLang:tilelang.jit.kernel:INFO] (kernel.py:137): TileLang begins to compile kernel `attn_impl` with `out_idx=[]`
2026-10-05 15:10:44  [TileLang:tilelang.jit.kernel:INFO] (kernel.py:145): TileLang completes to compile kernel `attn_impl`
kernel_err 3.5762786865234375e-07
Traceback (most recent call last):
  File "/Users/pengweiye/Documents/codes/system-one/release/runs/1005-p213-ascend-cpu-probe/rp_attn.py", line 18, in <module>
    p1 = attn_sw_ref.attn_sw_ref(q, k, v, WINDOW, scale, torch.float32)
         ^^^^^^^^^^^^^^^^^^^^^^^
AttributeError: 'function' object has no attribute 'attn_sw_ref'
