==================== <module> (args=(), consts_str=16)
--- DOC/STR ---
gemm 方言件：C = act(A @ Wᵀ + bias)，行数 m 是动态符号，一次编译服务任意批大小。

【做什么】同一套乘加口径写两份方言正文：ascend 那份按昇腾的存储层级（L1 进操作数、L0C 做累加、
UB 上收尾）摆；cpu 那份按本机真跑得通的路径摆（列块静态网格 + 行块动态串行循环）。两份都由
plan() 判形状、run() 负责取编译产物并就地写出口，位宽转换不在方言里做（出口一律 fp32）。
【怎么做】① 件形是"张量参数在前、整数常量在后"的工厂函数；run() 现场调用工厂拿到追踪好的
   PrimFunc，再交给 tilelang.compile 出产物并按形状键缓存。刻意**不用 tilelang.jit**：这种写法
   属 lazy 风格，jit(...) 只回 Kernel 对象不执行（实测出口保持全零），而它的 call-form 缓存拿
   张量做 `==` 比较上次调用（jit/__init__.py 的 _CallFormCache._matches_last），换一批新张量就
   RuntimeError。② 本文件不写 `from __future__ import annotations`——tilelang 取 prim_func 的
   张量注解时只认闭包非局部名（eager/builder.py 的 get_func_nonlocals），一旦 PEP 563 把注解变成
   字符串，只在注解里出现的形状常量就没有闭包单元，编译期报 NameError: name 'n' is not defined。
   ③ 动态维 m 的去处按后端分：CPU(c) 后端**网格上界必须是编译期常量**，把 m 写进网格会一次都不
   发射（实测 C 全零、误差恰好等于 |A@Wᵀ| 最大值），故 CPU 侧用"列块静态网格 + 行块
   T.serial(ceildiv(m, bm)) 动态循环"；昇腾侧同样只用常量网格（固定 NUM_BLOCKS 个向量核块），
   m 落在 T.Pipelined 的循环界上。④ 收尾（加偏置、按需压负为零）在累加缓冲上逐元素做，最后整块
   写回；尾块越界交给 T.copy 的自动边界谓词（实测 m=8 对 bm=16 误差为 0，不需手写守卫）。
【为什么】三处口径是被约束逼出来的，不是风格：(a) 权重按 (N,K) 存、必须 transpose_B=True——昇腾
   L1 输入的乘加路只认这个方向（手册与 TileKernels 的 GEMM 件都这么摆）；(b) 出口不在方言里降
   位宽——昇腾 DMA 搬运不允许顺带转类型（tilelang/ascend/analysis/vf_checker.py 明确
   "DMA copies cannot perform type casting"），CPU 侧实测把 fp32 块直接 copy 成 fp16 全局会撞
   生成代码里的 `no matching conversion for C-style cast from 'float4' to 'half4'`，故两边统一
   fp32 出口、入口层降位；(c) 被否方案：CPU 侧也用 T.Parallel 收尾——实测本方言的并行块索引
   local 缓存会被语义检查拒绝（"Local buffer ... is thread-private"），serial 才成立；(d) 被否
   方案：CPU 侧照 P1 的 Metal 件那样把 m 写进网格——Metal 认动态网格，c 后端不认，照搬会得到
   "跑得通、数是零"的静默错，比直接报错更危险，故按后端拆开摆法。
云端待验清单（本地不实编）：fp32 操作数走 Cube 是否需要 set_hf32_mode、Pipelined 该套在行块层还是
K 分块层、SimtVF 的 threads 与 UB 容量匹配、截断用 T.max 还是显式比较。

==================== gemm_cpu_impl (args=('A', 'W', 'bias', 'C', 'n', 'k', 'bm', 'bn', 'bk', 'act_mode'), consts_str=7)
--- DOC/STR ---
CPU(c) 方言正文：全程 fp32，出口 fp32；网格只铺编译期常量列块，行块用动态上界串行推。

    白话：竖着切成固定的几列，每一列自己从上往下把行一段段搬进小格子算；有多少行都不影响切法，
    算完先在公共小格子里加加成、把负数压成零，再整块写回大表格。

    :return: 追踪好的 PrimFunc（交给 tilelang.compile）。
    
==================== gemm_impl (args=('A', 'W', 'bias', 'C'), consts_str=1)
==================== gemm_asc_impl (args=('A', 'W', 'bias', 'C', 'n', 'k', 'bm', 'bn', 'bk', 'act_mode'), consts_str=7)
--- DOC/STR ---
昇腾方言正文：L1 放两个操作数、L0C 放累加器、UB 上做收尾；块划分与 CPU 那份同构。

    白话：把要乘的两小片先搬到近便的中间仓库，让专用的乘加单元连着算几轮并把账续在同一个
    格子里，算完再挪到另一块仓库做加成和压负，最后整块送回大表格。

    :return: 追踪好的 PrimFunc（交给 tilelang.compile(target="ascend")，本地不实编）。
    
==================== gemm_impl (args=('A', 'W', 'bias', 'C'), consts_str=1)
==================== _largest_block (args=('total',), consts_str=1)
--- DOC/STR ---
在候选块宽里取能整除 total 的最大值；取不到说明这个维度表达不了（返回 None）。
==================== plan (args=('A', 'W', 'bias', 'C', 'act', 'target'), consts_str=7)
--- DOC/STR ---
判断这组形状/口径能不能交给方言内核；能则返回编译参数与缓存键，否则返回 None（不硬凑）。

    硬条件三条：截断口径在支持表里；N/K 都能被某个候选块宽整除；位宽组合在该 target 的白名单里
    （CPU 侧只收 fp32，昇腾侧收 fp32/bf16/fp16 同宽操作数 + fp32 偏置与出口）。任一不满足就回
    None，由入口层换普通写法。

    白话：先看这活儿的尺寸和记法合不合现成模具；不合就不勉强开模，直接换手工做法。
    
==================== run (args=('A', 'W', 'bias', 'C', 'spec'), consts_str=4)
--- DOC/STR ---
真跑一次内核并把结果写进 C；编译产物取不到就返回 False（由入口层落回退）。

    缓存键不含行数：同一份产物服务 8、33、8192 等不同批大小（m 是 PrimFunc 里的动态符号），
    换批重编的秒级开销会吞掉收益。首编用当次张量做形状追踪，之后只喂出口缓冲。

    白话：模具没开成就说没开成，返回一个假字让上层换手工做法，绝不"假装算过"把空表交出去。

    :returns: True 表示 C 已被内核写入。
    
==================== <lambda> (args=(), consts_str=4)
############################## DIS: plan / run
>>>> plan
140           0 RESUME                   0

150           2 LOAD_GLOBAL              1 (NULL + ascend_env)
             12 LOAD_ATTR                2 (normalize_target)
             32 LOAD_FAST                5 (target)
             34 CALL                     1
             42 STORE_FAST               6 (name)

151          44 LOAD_FAST                4 (act)
             46 LOAD_GLOBAL              4 (SUPPORTED_ACTS)
             56 CONTAINS_OP              1
             58 POP_JUMP_IF_FALSE        1 (to 62)

152          60 RETURN_CONST             1 (None)

153     >>   62 LOAD_GLOBAL              7 (NULL + int)
             72 LOAD_FAST                1 (W)
             74 LOAD_ATTR                9 (NULL|self + size)
             94 LOAD_CONST               2 (0)
             96 CALL                     1
            104 CALL                     1
            112 LOAD_GLOBAL              7 (NULL + int)
            122 LOAD_FAST                1 (W)
            124 LOAD_ATTR                9 (NULL|self + size)
            144 LOAD_CONST               3 (1)
            146 CALL                     1
            154 CALL                     1
            162 STORE_FAST               8 (k)
            164 STORE_FAST               7 (n)

154         166 LOAD_GLOBAL             11 (NULL + _largest_block)
            176 LOAD_FAST                7 (n)
            178 CALL                     1
            186 LOAD_GLOBAL             11 (NULL + _largest_block)
            196 LOAD_FAST                8 (k)
            198 CALL                     1
            206 STORE_FAST              10 (bk)
            208 STORE_FAST               9 (bn)

155         210 LOAD_FAST                9 (bn)
            212 POP_JUMP_IF_NONE         2 (to 218)
            214 LOAD_FAST               10 (bk)
            216 POP_JUMP_IF_NOT_NONE     1 (to 220)

156     >>  218 RETURN_CONST             1 (None)

157     >>  220 LOAD_FAST                3 (C)
            222 LOAD_ATTR               12 (dtype)
            242 LOAD_FAST                0 (A)
            244 LOAD_ATTR               12 (dtype)
            264 COMPARE_OP              55 (!=)
            268 POP_JUMP_IF_TRUE        31 (to 332)
            270 LOAD_FAST                2 (bias)
            272 POP_JUMP_IF_NONE        30 (to 334)
            274 LOAD_FAST                2 (bias)
            276 LOAD_ATTR               12 (dtype)
            296 LOAD_GLOBAL             14 (torch)
            306 LOAD_ATTR               16 (float32)
            326 COMPARE_OP              55 (!=)
            330 POP_JUMP_IF_FALSE        1 (to 334)

158     >>  332 RETURN_CONST             1 (None)

159     >>  334 LOAD_FAST                6 (name)
            336 LOAD_GLOBAL              0 (ascend_env)
            346 LOAD_ATTR               18 (TARGET_CPU)
            366 COMPARE_OP              40 (==)
            370 POP_JUMP_IF_FALSE       30 (to 432)
            372 LOAD_FAST                0 (A)
            374 LOAD_ATTR               12 (dtype)
            394 LOAD_GLOBAL             14 (torch)
            404 LOAD_ATTR               16 (float32)
            424 COMPARE_OP              55 (!=)
            428 POP_JUMP_IF_FALSE        1 (to 432)

160         430 RETURN_CONST             1 (None)

161     >>  432 LOAD_FAST                6 (name)
            434 LOAD_GLOBAL              0 (ascend_env)
            444 LOAD_ATTR               20 (TARGET_ASCEND)
            464 COMPARE_OP              40 (==)
            468 POP_JUMP_IF_FALSE       60 (to 590)
            470 LOAD_FAST                0 (A)
            472 LOAD_ATTR               12 (dtype)
            492 LOAD_GLOBAL             14 (torch)
            502 LOAD_ATTR               16 (float32)
            522 LOAD_GLOBAL             14 (torch)
            532 LOAD_ATTR               22 (bfloat16)
            552 LOAD_GLOBAL             14 (torch)
            562 LOAD_ATTR               24 (float16)
            582 BUILD_TUPLE              3
            584 CONTAINS_OP              1
            586 POP_JUMP_IF_FALSE        1 (to 590)

162         588 RETURN_CONST             1 (None)

163     >>  590 LOAD_FAST                0 (A)
            592 LOAD_ATTR               12 (dtype)
            612 LOAD_FAST                1 (W)
            614 LOAD_ATTR               12 (dtype)
            634 COMPARE_OP              55 (!=)
            638 POP_JUMP_IF_TRUE        48 (to 736)
            640 LOAD_FAST                0 (A)
            642 LOAD_ATTR               27 (NULL|self + is_contiguous)
            662 CALL                     0
            670 POP_JUMP_IF_FALSE       32 (to 736)
            672 LOAD_FAST                1 (W)
            674 LOAD_ATTR               27 (NULL|self + is_contiguous)
            694 CALL                     0
            702 POP_JUMP_IF_FALSE       16 (to 736)
            704 LOAD_FAST                3 (C)
            706 LOAD_ATTR               27 (NULL|self + is_contiguous)
            726 CALL                     0
            734 POP_JUMP_IF_TRUE         1 (to 738)

164     >>  736 RETURN_CONST             1 (None)

165     >>  738 LOAD_FAST                7 (n)
            740 LOAD_FAST                8 (k)
            742 LOAD_GLOBAL             28 (BLOCK_M)
            752 LOAD_FAST                9 (bn)
            754 LOAD_FAST               10 (bk)
            756 LOAD_GLOBAL             30 (ACT_MODE)
            766 LOAD_FAST                4 (act)
            768 BINARY_SUBSCR
            772 LOAD_CONST               4 (('n', 'k', 'bm', 'bn', 'bk', 'act_mode'))
            774 BUILD_CONST_KEY_MAP      6
            776 STORE_FAST              11 (kwargs)

166         778 LOAD_FAST                6 (name)
            780 LOAD_GLOBAL              0 (ascend_env)
            790 LOAD_ATTR               20 (TARGET_ASCEND)
            810 COMPARE_OP              40 (==)
            814 POP_JUMP_IF_FALSE        6 (to 828)
            816 LOAD_GLOBAL             32 (gemm_asc_impl)
            826 JUMP_FORWARD             5 (to 838)
        >>  828 LOAD_GLOBAL             34 (gemm_cpu_impl)
        >>  838 STORE_FAST              12 (impl)

167         840 LOAD_CONST               5 ('gemm[')
            842 LOAD_FAST                6 (name)
            844 FORMAT_VALUE             0
            846 LOAD_CONST               6 (']|n')
            848 LOAD_FAST                7 (n)
            850 FORMAT_VALUE             0
            852 LOAD_CONST               7 ('k')
            854 LOAD_FAST                8 (k)
            856 FORMAT_VALUE             0
            858 LOAD_CONST               8 ('b')
            860 LOAD_GLOBAL             28 (BLOCK_M)
            870 FORMAT_VALUE             0
            872 LOAD_CONST               9 ('x')
            874 LOAD_FAST                9 (bn)
            876 FORMAT_VALUE             0
            878 LOAD_CONST               9 ('x')
            880 LOAD_FAST               10 (bk)
            882 FORMAT_VALUE             0
            884 LOAD_CONST              10 ('a')
            886 LOAD_FAST                4 (act)
            888 FORMAT_VALUE             0
            890 BUILD_STRING            14
            892 STORE_FAST              13 (key)

168         894 LOAD_FAST                6 (name)
            896 LOAD_FAST               13 (key)
            898 LOAD_FAST               11 (kwargs)
            900 LOAD_FAST               12 (impl)
            902 LOAD_FAST                7 (n)
            904 LOAD_FAST                8 (k)
            906 BUILD_TUPLE              2
            908 LOAD_CONST              11 (('target', 'key', 'kwargs', 'impl', 'shape'))
            910 BUILD_CONST_KEY_MAP      5
            912 RETURN_VALUE
>>>> run
              0 MAKE_CELL                0 (A)
              2 MAKE_CELL                1 (W)
              4 MAKE_CELL                3 (C)
              6 MAKE_CELL                4 (spec)
              8 MAKE_CELL                6 (zero)

171          10 RESUME                   0

182          12 LOAD_FAST                2 (bias)
             14 POP_JUMP_IF_NONE         2 (to 20)
             16 LOAD_FAST                2 (bias)
             18 JUMP_FORWARD            53 (to 126)
        >>   20 LOAD_GLOBAL              1 (NULL + torch)
             30 LOAD_ATTR                2 (zeros)
             50 LOAD_DEREF               4 (spec)
             52 LOAD_CONST               1 ('shape')
             54 BINARY_SUBSCR
             58 LOAD_CONST               2 (0)
             60 BINARY_SUBSCR
             64 LOAD_GLOBAL              0 (torch)
             74 LOAD_ATTR                4 (float32)
             94 LOAD_DEREF               0 (A)
             96 LOAD_ATTR                6 (device)
            116 KW_NAMES                 3 (('dtype', 'device'))
            118 CALL                     3
        >>  126 STORE_DEREF              6 (zero)

183         128 LOAD_GLOBAL              9 (NULL + ascend_env)
            138 LOAD_ATTR               10 (get_compiled)

184         158 LOAD_DEREF               4 (spec)
            160 LOAD_CONST               4 ('key')
            162 BINARY_SUBSCR

185         166 LOAD_CLOSURE             0 (A)
            168 LOAD_CLOSURE             3 (C)
            170 LOAD_CLOSURE             1 (W)
            172 LOAD_CLOSURE             4 (spec)
            174 LOAD_CLOSURE             6 (zero)
            176 BUILD_TUPLE              5
            178 LOAD_CONST               5 (<code object <lambda> at 0x10488b370, file "/Users/pengweiye/Documents/codes/system-one/release/ascend/kernels/gemm_asc.py", line 185>)
            180 MAKE_FUNCTION            8 (closure)

188         182 LOAD_DEREF               4 (spec)
            184 LOAD_CONST               6 ('target')
            186 BINARY_SUBSCR

183         190 CALL                     3
            198 STORE_FAST               5 (kernel)

189         200 LOAD_FAST                5 (kernel)
            202 POP_JUMP_IF_NOT_NONE     1 (to 206)

190         204 RETURN_CONST             7 (False)

191     >>  206 PUSH_NULL
            208 LOAD_FAST                5 (kernel)
            210 LOAD_DEREF               0 (A)
            212 LOAD_DEREF               1 (W)
            214 LOAD_DEREF               6 (zero)
            216 LOAD_DEREF               3 (C)
            218 CALL                     4
            226 POP_TOP

192         228 RETURN_CONST             8 (True)

Disassembly of <code object <lambda> at 0x10488b370, file "/Users/pengweiye/Documents/codes/system-one/release/ascend/kernels/gemm_asc.py", line 185>:
              0 COPY_FREE_VARS           5

185           2 RESUME                   0
              4 LOAD_GLOBAL              1 (NULL + tilelang)
             14 LOAD_ATTR                2 (compile)

186          34 PUSH_NULL
             36 LOAD_DEREF               3 (spec)
             38 LOAD_CONST               1 ('impl')
             40 BINARY_SUBSCR
             44 LOAD_DEREF               0 (A)
             46 LOAD_DEREF               2 (W)
             48 LOAD_DEREF               4 (zero)
             50 LOAD_DEREF               1 (C)
             52 BUILD_TUPLE              4
             54 BUILD_MAP                0
             56 LOAD_DEREF               3 (spec)
             58 LOAD_CONST               2 ('kwargs')
             60 BINARY_SUBSCR
             64 DICT_MERGE               1
             66 CALL_FUNCTION_EX         1

185          68 BUILD_TUPLE              1
             70 LOAD_CONST               3 ('out_idx')

187          72 BUILD_LIST               0

185          74 BUILD_MAP                1

187          76 LOAD_GLOBAL              5 (NULL + ascend_env)
             86 LOAD_ATTR                6 (compile_kwargs)
            106 LOAD_DEREF               3 (spec)
            108 LOAD_CONST               4 ('target')
            110 BINARY_SUBSCR
            114 CALL                     1

185         122 DICT_MERGE               1
            124 CALL_FUNCTION_EX         1
            126 RETURN_VALUE
