tests/test_ascend_gradcheck.py::test_gemm_cpu_matches_torch_ref
tests/test_ascend_gradcheck.py::test_gemm_cpu_reuses_single_compilation
tests/test_ascend_gradcheck.py::test_gemm_bwd_dw_cpu_matches_torch_ruler
tests/test_ascend_gradcheck.py::test_rope_cpu_matches_torch_ref_and_keeps_value_slot
tests/test_ascend_gradcheck.py::test_rope_cpu_negative_angle_roundtrip_is_identity
tests/test_ascend_gradcheck.py::test_add_ln_cpu_matches_torch_ref_forward
tests/test_ascend_gradcheck.py::test_add_ln_cpu_closed_form_backward_matches_autograd
tests/test_ascend_gradcheck.py::test_letter_readout_cpu_gather_matches_indexing
tests/test_ascend_gradcheck.py::test_letter_readout_cpu_scatter_matches_index_add_and_autograd
tests/test_ascend_gradcheck.py::test_attn_sw_cpu_matches_torch_ref
tests/test_ascend_gradcheck.py::test_attn_sw_cpu_keeps_invisible_weights_exactly_zero
tests/test_ascend_gradcheck.py::test_attn_sw_cpu_full_window_equals_causal_attention
tests/test_ascend_gradcheck.py::test_gdn_cpu_forward_matches_independent_recursion
tests/test_ascend_gradcheck.py::test_gdn_cpu_backward_declared_partial_but_grads_are_correct
tests/test_ascend_gradcheck.py::test_lora_cpu_apply_matches_direct_expression
tests/test_ascend_gradcheck.py::test_lora_cpu_backward_matches_autograd
tests/test_ascend_gradcheck.py::test_lora_cpu_merge_equals_apply_and_scales_once
tests/test_ascend_gradcheck.py::test_gemm_cpu_falls_back_outside_block_window
tests/test_ascend_gradcheck.py::test_entry_contract_rejects_bad_shapes_cpu
tests/test_ascend_gradcheck.py::test_target_switch_cpu_and_ascend_are_whitelisted
tests/test_ascend_gradcheck.py::test_attn_sw_ascend_target_semantics_on_npu

21 tests collected in 2.75s
